AR flashemulator behavioral /home/mgrinda/netfpga_10g_dev_WORKING_BOOT/projects/configuration_test/CPLD/FlashControllerTB/FlashEmulator.vhd sub00/vhpl01 1309882202
EN flashemulator NULL /home/mgrinda/netfpga_10g_dev_WORKING_BOOT/projects/configuration_test/CPLD/FlashControllerTB/FlashEmulator.vhd sub00/vhpl00 1309882201
